// Jest Snapshot v1, https://goo.gl/fbAQLP

exports[`SegmentsTree enzyme shallow should match the snapshot 1`] = `
<Styled(MuiBox)>
  <Styled(MuiBox)
    key="C2"
    mb={1}
  >
    <WithStyles(ForwardRef(Grid))
      alignItems="flex-end"
      container={true}
      spacing={3}
    >
      <WithStyles(ForwardRef(Grid))
        item={true}
        xs={1}
      >
        <Styled(MuiBox)
          color="primary.main"
          mr={2}
          operator-box="true"
        />
      </WithStyles(ForwardRef(Grid))>
      <WithStyles(ForwardRef(Grid))
        item={true}
        xs={11}
      >
        <WithStyles(ForwardRef(Typography))
          id="C2-text"
          variant="h6"
        >
          Click
        </WithStyles(ForwardRef(Typography))>
      </WithStyles(ForwardRef(Grid))>
    </WithStyles(ForwardRef(Grid))>
  </Styled(MuiBox)>
  <Styled(MuiBox)
    key="C7"
    mb={1}
  >
    <WithStyles(ForwardRef(Grid))
      alignItems="flex-end"
      container={true}
      spacing={3}
    >
      <WithStyles(ForwardRef(Grid))
        item={true}
        xs={1}
      >
        <Styled(MuiBox)
          color="primary.main"
          mr={2}
          operator-box="true"
        >
          <WithStyles(ForwardRef(Typography))
            variant="subtitle2"
          >
            and
          </WithStyles(ForwardRef(Typography))>
        </Styled(MuiBox)>
      </WithStyles(ForwardRef(Grid))>
      <WithStyles(ForwardRef(Grid))
        item={true}
        xs={11}
      >
        <WithStyles(ForwardRef(Typography))
          id="C7-text"
          variant="h6"
        >
          Abandoned cart
        </WithStyles(ForwardRef(Typography))>
      </WithStyles(ForwardRef(Grid))>
    </WithStyles(ForwardRef(Grid))>
  </Styled(MuiBox)>
</Styled(MuiBox)>
`;
